[edygrad.com/index.html]
[edygrad.com/store/1/favicon2.html]
[edygrad.com/mix-manifest7b30.json]
[backblue.gif]
[fade.gif]
[index.html]
[edygrad.com/ms-icon-144x144.html]
[edygrad.com/EDYGRAD.html]
[edygrad.com/en_US.html]
[edygrad.com/assets/default/vendors/sweetalert2/dist/sweetalert2.min.css]
[edygrad.com/assets/default/vendors/toast/jquery.toast.min.css]
[edygrad.com/assets/default/vendors/simplebar/simplebar.css]
[edygrad.com/assets/default/css/app.css]
[edygrad.com/assets/default/vendors/swiper/swiper-bundle.min.css]
[edygrad.com/assets/default/vendors/owl-carousel2/owl.carousel.min.css]
[edygrad.com/store/1/fonts/montserrat-regular.woff2]
[edygrad.com/store/1/fonts/montserrat-bold.woff2]
[edygrad.com/store/1/fonts/montserrat-medium.woff2]
[edygrad.com/store/1/fonts/Vazir-Regular.woff2]
[edygrad.com/store/1/fonts/Vazir-Bold.woff2]
[edygrad.com/store/1/fonts/Vazir-Medium.woff2]
[edygrad.com/assets/default/vendors/pace-loading/pace.min.js]
[edygrad.com/login.html]
[edygrad.com/register.html]
[edygrad.com/store/1/default_images/logo2.png]
[edygrad.com/categories/Development.html]
[edygrad.com/store/1/default_images/categories_icons/code.png]
[edygrad.com/categories/Development/MachineLearning.html]
[edygrad.com/store/1/default_images/categories_icons/sub_categories/layout.png]
[edygrad.com/categories/Development/Mobile-Development.html]
[edygrad.com/store/1/default_images/categories_icons/sub_categories/smartphone.png]
[edygrad.com/categories/Development/Game-Development.html]
[edygrad.com/store/1/default_images/categories_icons/sub_categories/codesandbox.png]
[edygrad.com/store/1/default_images/categories_icons/anchor.png]
[edygrad.com/categories/Business.html]
[edygrad.com/categories/Business/Management.html]
[edygrad.com/store/1/default_images/categories_icons/sub_categories/users.png]
[edygrad.com/categories/Business/Communications.html]
[edygrad.com/store/1/default_images/categories_icons/sub_categories/share-2.png]
[edygrad.com/categories/Business/Business-Strategy.html]
[edygrad.com/store/1/default_images/categories_icons/sub_categories/target.png]
[edygrad.com/categories/Marketing.html]
[edygrad.com/store/1/default_images/categories_icons/pie-chart.png]
[edygrad.com/categories/Lifestyle.html]
[edygrad.com/store/1/default_images/categories_icons/umbrella.png]
[edygrad.com/categories/Lifestyle/Lifestyle.html]
[edygrad.com/store/1/default_images/categories_icons/sub_categories/sun.png]
[edygrad.com/categories/Lifestyle/Beauty-and-Makeup.html]
[edygrad.com/store/1/default_images/categories_icons/sub_categories/droplet.png]
[edygrad.com/categories/Health-and-Fitness.html]
[edygrad.com/store/1/default_images/categories_icons/heart.png]
[edygrad.com/categories/Academics.html]
[edygrad.com/store/1/default_images/categories_icons/briefcase.png]
[edygrad.com/categories/Academics/Math.html]
[edygrad.com/store/1/default_images/categories_icons/sub_categories/divide-square.png]
[edygrad.com/categories/Academics/Science.html]
[edygrad.com/store/1/default_images/categories_icons/sub_categories/zap.png]
[edygrad.com/categories/Academics/Language.html]
[edygrad.com/store/1/default_images/categories_icons/sub_categories/globe.png]
[edygrad.com/categories/Design.html]
[edygrad.com/store/1/default_images/categories_icons/feather.png]
[edygrad.com/classes8676.html]
[edygrad.com/instructor-finder.html]
[edygrad.com/products.html]
[edygrad.com/forums.html]
[edygrad.com/store/1/default_images/hero_1.jpg]
[edygrad.com/assets/default/img/stats/teacher.svg]
[edygrad.com/assets/default/img/stats/student.svg]
[edygrad.com/assets/default/img/stats/video.svg]
[edygrad.com/assets/default/img/stats/course.svg]
[edygrad.com/course/New-Learning-Page.html]
[edygrad.com/store/1015/The Professional Guitar Masterclass.jpg]
[edygrad.com/store/1015/avatar/617a4f2fb8a6d.png]
[edygrad.com/users/1015/profile.html]
[edygrad.com/course/Excel-from-Beginner-to-Advanced.html]
[edygrad.com/store/1015/Excel from Beginner to Advanced.jpg]
[edygrad.com/course/AI-and-ML-with-Python.html]
[edygrad.com/store/1052/AI.jpg]
[edygrad.com/store/1052/avatar/64569a6c8cc18.png]
[edygrad.com/users/1052/profile.html]
[edygrad.com/course/New-Update-Features.html]
[edygrad.com/store/929/update_1.6.jpg]
[edygrad.com/store/929/avatar/617a4f5d834c8.png]
[edygrad.com/users/929/profile.html]
[edygrad.com/course/Installment-feature.html]
[edygrad.com/store/870/Installment.jpg]
[edygrad.com/store/870/avatar/617a4f7c09d61.png]
[edygrad.com/users/870/profile.html]
[edygrad.com/course/New-in-App-Live-System.html]
[edygrad.com/store/1015/new_live_system.jpg]
[edygrad.com/course/The-Future-of-Energy.html]
[edygrad.com/store/929/The Future of Energy.jpg]
[edygrad.com/classesa229.html]
[edygrad.com/bundles/Microsoft-Office-Beginner-to-Expert-Bundle.html]
[edygrad.com/store/1015/office_bundle.jpg]
[edygrad.com/bundles/Solar-Energy-Design-Course-From-Zero-To-Hero.html]
[edygrad.com/store/929/Solar Energy Design Course From Zero To Hero.jpg]
[edygrad.com/bundles/A-Z-Web-Programming.html]
[edygrad.com/store/934/A-Z Web Programming.jpg]
[edygrad.com/store/934/avatar/617a4f418be6b.png]
[edygrad.com/users/934/profile.html]
[edygrad.com/upcoming_courses8676.html]
[edygrad.com/upcoming_courses/Web-Design-for-Beginners.html]
[edygrad.com/store/934/Web Design for Beginners.jpg]
[edygrad.com/upcoming_courses/Digital-Photography.html]
[edygrad.com/store/1016/Digital Photography for Beginners.jpg]
[edygrad.com/store/1016/avatar/617a4f17c8e72.png]
[edygrad.com/users/1016/profile.html]
[edygrad.com/upcoming_courses/Python-for-Beginners.html]
[edygrad.com/store/1015/Python for Beginners.jpg]
[edygrad.com/classes517a.html]
[edygrad.com/course/Effective-Time-Management.html]
[edygrad.com/store/867/Effective Time Management.jpg]
[edygrad.com/store/923/avatar/617a4f9983fe5.png]
[edygrad.com/users/923/profile.html]
[edygrad.com/course/Health-And-Fitness-Masterclass.html]
[edygrad.com/store/863/Health And Fitness Masterclass Beginner To Advanced.jpg]
[edygrad.com/course/Learn-Linux-in-5-Days.html]
[edygrad.com/store/1015/hero (6).jpg]
[edygrad.com/course/Learn-Python-Programming.html]
[edygrad.com/store/934/Python for Beginners.jpg]
[edygrad.com/course/Become-a-Product-Manager.html]
[edygrad.com/store/1016/1.jpg]
[edygrad.com/course/Learn-and-Understand-AngularJS.html]
[edygrad.com/store/3/Learn and Understand AngularJS.jpg]
[edygrad.com/store/3/avatar/617a4fad7845b.png]
[edygrad.com/users/3/profile.html]
[edygrad.com/store/1/default_images/trend_categories_icons/briefcase.png]
[edygrad.com/store/1/default_images/trend_categories_icons/bulb.png]
[edygrad.com/store/1/default_images/trend_categories_icons/family.png]
[edygrad.com/store/1/default_images/trend_categories_icons/muscle.png]
[edygrad.com/store/1/default_images/trend_categories_icons/connection.png]
[edygrad.com/store/1/default_images/trend_categories_icons/palette.png]
[edygrad.com/classes043d.html]
[edygrad.com/classes944f.html]
[edygrad.com/store/1/default_images/banners/become_instructor_banner.png]
[edygrad.com/classes8d05.html]
[edygrad.com/products/Where-the-Crawdads-Sing-e-book.html]
[edygrad.com/store/1/default_images/Where the Crawdads Sing e-book.jpg]
[edygrad.com/store/1/default_images/logo-new.html]
[edygrad.com/users/1/profile.html]
[edygrad.com/productsd7b8.html]
[edygrad.com/products/Painting-tools.html]
[edygrad.com/store/1015/store product/paint_brushes.jpg]
[edygrad.com/productsbaa2.html]
[edygrad.com/products/Advanced-microscope.html]
[edygrad.com/store/934/store_product/microscope_4.jpg]
[edygrad.com/products/Business-Software.html]
[edygrad.com/store/1015/store product/business_software_1.jpg]
[edygrad.com/products/Sherlock-Holmes-e-book.html]
[edygrad.com/store/1016/store_product/sherlock_holmes_ebook.jpg]
[edygrad.com/store/1/default_images/subscribe_packages/bronze.png]
[edygrad.com/store/1/default_images/subscribe_packages/gold.png]
[edygrad.com/store/1/default_images/subscribe_packages/silver.png]
[edygrad.com/store/1/default_images/home_sections_banners/become_instructor_banner.jpg]
[edygrad.com/assets/default/img/home/circle-4.png]
[edygrad.com/assets/default/img/home/dot.png]
[edygrad.com/assets/default/img/home/become_instructor.svg]
[edygrad.com/store/1/default_images/forums/forum_section.jpg]
[edygrad.com/forums/create-topic]
[edygrad.com/instructor-finder/wizard.html]
[edygrad.com/store/1/default_images/home_sections_banners/instructor_finder_banner.jpg]
[edygrad.com/assets/default/img/home/toutor_finder.svg]
[edygrad.com/store/1/default_images/home_video_section.png]
[edygrad.com/classes.html]
[edygrad.com/store/1/default_images/home_sections_banners/club_points_banner.png]
[edygrad.com/assets/default/img/rewards/medal.png]
[edygrad.com/reward-courses.html]
[edygrad.com/panel/rewards]
[edygrad.com/instructors.html]
[edygrad.com/users/870/profilec0cc.html]
[edygrad.com/users/923/profilec0cc.html]
[edygrad.com/users/929/profilec0cc.html]
[edygrad.com/users/934/profilec0cc.html]
[edygrad.com/users/1015/profilec0cc.html]
[edygrad.com/users/1016/profilec0cc.html]
[edygrad.com/users/1052/profilec0cc.html]
[edygrad.com/certificate_validation.html]
[edygrad.com/store/1/default_images/banners/validate_certificates_banner.png]
[edygrad.com/store/1/default_images/banners/reserve_a_meeting.png]
[edygrad.com/store/1/default_images/testimonials/profile_picture (28).jpg]
[edygrad.com/store/1/default_images/testimonials/profile_picture (50).jpg]
[edygrad.com/store/1/default_images/testimonials/profile_picture (38).jpg]
[edygrad.com/store/1/default_images/testimonials/profile_picture (20).jpg]
[edygrad.com/store/1/default_images/testimonials/profile_picture (52).jpg]
[edygrad.com/organizations.html]
[edygrad.com/store/867/avatar/617a502cf268a.png]
[edygrad.com/users/867/profile.html]
[edygrad.com/store/4/avatar/617a50568d8a8.png]
[edygrad.com/users/4/profile.html]
[edygrad.com/store/863/avatar/617a5000eb040.png]
[edygrad.com/users/863/profile.html]
[edygrad.com/store/864/avatar/617a5011ca3ba.png]
[edygrad.com/users/864/profile.html]
[edygrad.com/store/859/avatar/617a4fcf7ac48.png]
[edygrad.com/users/859/profile.html]
[edygrad.com/store/868/avatar/617a504591edd.png]
[edygrad.com/users/868/profile.html]
[edygrad.com/blog.html]
[edygrad.com/store/1014/blog3.jpg]
[edygrad.com/blog/3-Laws-to-Become-a-Straight-A-Student.html]
[edygrad.com/store/1/default_images/blogs/blog1.jpg]
[edygrad.com/blog/How-To-Teach-Your-Kid-Anything-Easily.html]
[edygrad.com/store/1/default_images/blogs/blog2.jpg]
[edygrad.com/blog/Better-Relationship-Between-You-and-Your-Student-s-Parent.html]
[edygrad.com/contact.html]
[edygrad.com/become-instructor]
[edygrad.com/pages/terms.html]
[edygrad.com/pages/about.html]
[edygrad.com/store/1/default_images/social/instagram.svg]
[edygrad.com/store/1/default_images/social/whatsapp.svg]
[edygrad.com/store/1/default_images/social/twitter.svg]
[edygrad.com/store/1/default_images/social/facebook.svg]
[edygrad.com/assets/default/js/app.js]
[edygrad.com/assets/default/vendors/feather-icons/dist/feather.min.js]
[edygrad.com/assets/default/vendors/moment.min.js]
[edygrad.com/assets/default/vendors/sweetalert2/dist/sweetalert2.min.js]
[edygrad.com/assets/default/vendors/toast/jquery.toast.min.js]
[edygrad.com/assets/default/vendors/simplebar/simplebar.min.js]
[edygrad.com/assets/default/js/parts/cookie-security.min.js]
[edygrad.com/assets/default/vendors/swiper/swiper-bundle.min.js]
[edygrad.com/assets/default/vendors/owl-carousel2/owl.carousel.min.js]
[edygrad.com/assets/default/vendors/parallax/parallax.min.js]
[edygrad.com/assets/default/js/parts/home.min.js]
[edygrad.com/assets/default/vendors/flagstrap/css/flags.css]
[edygrad.com/assets/default/vendors/flagstrap/js/jquery.flagstrap.min.js]
[edygrad.com/assets/default/js/parts/top_nav_flags.min.js]
[edygrad.com/assets/default/js/parts/navbar.min.js]
[edygrad.com/assets/default/js/parts/main.min.js]
[edygrad.com/index.html]
[edygrad.com/store/1/favicon2.html]
[edygrad.com/ms-icon-144x144.html]
[edygrad.com/EDYGRAD.html]
[edygrad.com/en_US.html]
[edygrad.com/assets/default/vendors/sweetalert2/dist/sweetalert2.min.css]
[edygrad.com/assets/default/vendors/toast/jquery.toast.min.css]
[edygrad.com/assets/default/vendors/simplebar/simplebar.css]
[edygrad.com/assets/default/img/chevron-up.svg]
[edygrad.com/assets/default/img/chevron-down.svg]
[edygrad.com/assets/default/img/footer/pattern.png]
[edygrad.com/assets/default/img/forum/featured_section.svg]
[edygrad.com/assets/default/img/forum/recommended-topics.svg]
[edygrad.com/assets/default/img/forum/topics_title_bg.png]
[edygrad.com/assets/default/img/mobile-app/hero-bg.svg]
[edygrad.com/assets/default/css/app.css]
[edygrad.com/assets/default/vendors/swiper/swiper-bundle.min.css]
[edygrad.com/assets/default/vendors/owl-carousel2/owl.carousel.min.css]
[edygrad.com/assets/default/vendors/pace-loading/pace.min.js]
[edygrad.com/assets/default/vendors/owl-carousel2/owl.video.play.html]
[edygrad.com/store/1/default_images/front_login.jpg]
[edygrad.com/forget-password.html]
[edygrad.com/become-instructor]
[edygrad.com/login.html]
[edygrad.com/assets/default/vendors/select2/select2.min.css]
[edygrad.com/store/1/default_images/front_register.jpg]
[edygrad.com/become-instructor]
[edygrad.com/register.html]
[edygrad.com/assets/default/vendors/select2/select2.min.js]
[edygrad.com/store/1/default_images/category_cover.png]
[edygrad.com/become-instructor]
[edygrad.com/assets/default/js/parts/categories.min.js]
[edygrad.com/categories/Development.html]
[edygrad.com/become-instructor]
[edygrad.com/categories/Development/MachineLearning.html]
[edygrad.com/become-instructor]
[edygrad.com/categories/Development/Mobile-Development.html]
[edygrad.com/become-instructor]
[edygrad.com/categories/Development/Game-Development.html]
[edygrad.com/course/Active-Listening-You-Can-Be-a-Great-Listener.html]
[edygrad.com/store/864/couple-listening-music.jpg]
[edygrad.com/course/How-to-Manage-Your-Virtual-Team.html]
[edygrad.com/store/929/How to Manage & Influence Your Virtual Team.jpg]
[edygrad.com/categories/Business4658.html]
[edygrad.com/become-instructor]
[edygrad.com/categories/Business.html]
[edygrad.com/become-instructor]
[edygrad.com/categories/Business/Management.html]
[edygrad.com/become-instructor]
[edygrad.com/categories/Business/Communications.html]
[edygrad.com/become-instructor]
[edygrad.com/categories/Business/Business-Strategy.html]
[edygrad.com/become-instructor]
[edygrad.com/categories/Marketing.html]
[edygrad.com/course/How-to-Travel-Around-the-World.html]
[edygrad.com/store/867/How to Travel Around the World on a Budget.jpg]
[edygrad.com/become-instructor]
[edygrad.com/categories/Lifestyle.html]
[edygrad.com/become-instructor]
[edygrad.com/categories/Lifestyle/Lifestyle.html]
[edygrad.com/become-instructor]
[edygrad.com/categories/Lifestyle/Beauty-and-Makeup.html]
[edygrad.com/become-instructor]
[edygrad.com/categories/Health-and-Fitness.html]
[edygrad.com/become-instructor]
[edygrad.com/categories/Academics.html]
[edygrad.com/become-instructor]
[edygrad.com/categories/Academics/Math.html]
[edygrad.com/become-instructor]
[edygrad.com/categories/Academics/Science.html]
[edygrad.com/become-instructor]
[edygrad.com/categories/Academics/Language.html]
[edygrad.com/course/Web-Design-for-Beginners.html]
[edygrad.com/store/4/Web Design for Beginners.jpg]
[edygrad.com/become-instructor]
[edygrad.com/categories/Design.html]
[edygrad.com/classesfdaa.html]
[edygrad.com/classesecd1.html]
[edygrad.com/become-instructor]
[edygrad.com/classes8676.html]
[edygrad.com/assets/vendors/leaflet/leaflet.css]
[edygrad.com/assets/vendors/leaflet/leaflet.markercluster/markerCluster.css]
[edygrad.com/assets/vendors/leaflet/leaflet.markercluster/markerCluster.Default.css]
[edygrad.com/assets/vendors/wrunner-html-range-slider-with-2-handles/css/wrunner-default-theme.css]
[edygrad.com/store/1/default_images/badges/loyal_user.png]
[edygrad.com/store/1/default_images/badges/junior_vendor.png]
[edygrad.com/store/1/default_images/badges/silver_classes.png]
[edygrad.com/store/1/default_images/badges/king_seller.png]
[edygrad.com/store/1/default_images/badges/amazing_support.png]
[edygrad.com/store/1/default_images/badges/faithful_user.png]
[edygrad.com/store/1/default_images/badges/golden_classes.png]
[edygrad.com/store/1/default_images/badges/top_seller.png]
[edygrad.com/store/1/default_images/badges/fantastic_support.png]
[edygrad.com/store/1/default_images/badges/expert_vendor.png]
[edygrad.com/store/1/default_images/badges/Forums Top User.svg]
[edygrad.com/store/1/default_images/badges/senior_vendor.png]
[edygrad.com/store/1/default_images/badges/best_seller.png]
[edygrad.com/become-instructor]
[edygrad.com/assets/vendors/wrunner-html-range-slider-with-2-handles/js/wrunner-jquery.js]
[edygrad.com/assets/vendors/leaflet/leaflet.min.js]
[edygrad.com/assets/vendors/leaflet/leaflet.markercluster/leaflet.markercluster-src.js]
[edygrad.com/assets/default/js/parts/get-regions.min.js]
[edygrad.com/assets/default/js/parts/instructor-finder-wizard.min.js]
[edygrad.com/assets/default/js/parts/instructors.min.js]
[edygrad.com/instructor-finder.html]
[edygrad.com/assets/default/js/parts/instructor-finder.min.js]
[edygrad.com/products.html]
[edygrad.com/forums.html]
[edygrad.com/assets/default/img/stats/teacher.svg]
[edygrad.com/assets/default/img/stats/student.svg]
[edygrad.com/assets/default/img/stats/video.svg]
[edygrad.com/assets/default/img/stats/course.svg]
[edygrad.com/course/New-Learning-Page.html]
[edygrad.com/users/1015/profile.html]
[edygrad.com/course/Excel-from-Beginner-to-Advanced.html]
[edygrad.com/course/AI-and-ML-with-Python.html]
[edygrad.com/users/1052/profile.html]
[edygrad.com/course/New-Update-Features.html]
[edygrad.com/users/929/profile.html]
[edygrad.com/course/Installment-feature.html]
[edygrad.com/users/870/profile.html]
[edygrad.com/course/New-in-App-Live-System.html]
[edygrad.com/course/The-Future-of-Energy.html]
[edygrad.com/become-instructor]
[edygrad.com/classesa229.html]
[edygrad.com/assets/default/css/css-stars.css]
[edygrad.com/assets/default/vendors/video/video-js.min.css]
[edygrad.com/store/1015/office_bundle_c.jpg]
[edygrad.com/store/930/avatar/617a4ee75dd14.png]
[edygrad.com/bundles/reviews/store-reply-comment.html]
[edygrad.com/bundles/Microsoft-Office-Beginner-to-Expert-Bundle/favorite.12f.delayed]
[edygrad.com/assets/default/img/icons/sessions.svg]
[edygrad.com/store/1/default_images/banners/bundle_en.png]
[edygrad.com/assets/default/img/social/telegram.svg]
[edygrad.com/assets/default/img/social/whatsapp.svg]
[edygrad.com/assets/default/img/social/facebook.svg]
[edygrad.com/assets/default/img/social/twitter.svg]
[edygrad.com/become-instructor]
[edygrad.com/assets/default/js/parts/time-counter-down.min.js]
[edygrad.com/assets/default/vendors/barrating/jquery.barrating.min.js]
[edygrad.com/assets/default/vendors/video/video.min.js]
[edygrad.com/assets/default/vendors/video/youtube.min.js]
[edygrad.com/assets/default/vendors/video/vimeo.js]
[edygrad.com/assets/default/js/parts/comment.min.js]
[edygrad.com/assets/default/js/parts/video_player_helpers.min.js]
[edygrad.com/assets/default/js/parts/webinar_show.min.js]
[edygrad.com/bundles/Microsoft-Office-Beginner-to-Expert-Bundle.html]
[edygrad.com/store/929/Solar Energy Design Course From Zero To Hero_c.jpg]
[edygrad.com/store/979/avatar/617a4ed2908fd.png]
[edygrad.com/bundles/Solar-Energy-Design-Course-From-Zero-To-Hero/favorite]
[edygrad.com/become-instructor]
[edygrad.com/bundles/Solar-Energy-Design-Course-From-Zero-To-Hero.html]
[edygrad.com/store/934/A-Z Web Programming_c.jpg]
[edygrad.com/bundles/A-Z-Web-Programming/favorite]
[edygrad.com/become-instructor]
[edygrad.com/bundles/A-Z-Web-Programming.html]
[edygrad.com/users/934/profile.html]
[edygrad.com/upcoming_courses8676.html]
[edygrad.com/store/996/avatar/617a4ea0d77af.png]
[edygrad.com/store/995/avatar/6179b58ee64c7.png]
[edygrad.com/upcoming_courses/Web-Design-for-Beginners/favorite]
[edygrad.com/become-instructor]
[edygrad.com/upcoming_courses/Web-Design-for-Beginners.html]
[edygrad.com/assets/default/js/parts/upcoming_course_show.min.js]
[edygrad.com/store/1016/1_c.jpg]
[edygrad.com/upcoming_courses/Digital-Photography/favorite]
[edygrad.com/assets/default/img/profile/time-icon.png]
[edygrad.com/become-instructor]
[edygrad.com/upcoming_courses/Digital-Photography.html]
[edygrad.com/users/1016/profile.html]
[edygrad.com/store/1015/The Professional Guitar Masterclass_c.jpg]
[edygrad.com/upcoming_courses/Python-for-Beginners/favorite]
[edygrad.com/become-instructor]
[edygrad.com/upcoming_courses/Python-for-Beginners.html]
[edygrad.com/classes404c.html]
[edygrad.com/classesd75d.html]
[edygrad.com/become-instructor]
[edygrad.com/classes517a.html]
[edygrad.com/course/Effective-Time-Management.html]
[edygrad.com/users/923/profile.html]
[edygrad.com/course/Health-And-Fitness-Masterclass.html]
[edygrad.com/course/Learn-Linux-in-5-Days.html]
[edygrad.com/course/Learn-Python-Programming.html]
[edygrad.com/course/Become-a-Product-Manager.html]
[edygrad.com/course/Learn-and-Understand-AngularJS.html]
[edygrad.com/users/3/profile.html]
[edygrad.com/classes9881.html]
[edygrad.com/classes8bec.html]
[edygrad.com/become-instructor]
[edygrad.com/classes043d.html]
[edygrad.com/become-instructor]
[edygrad.com/classes944f.html]
[edygrad.com/become-instructor]
[edygrad.com/classes8d05.html]
[edygrad.com/products/Where-the-Crawdads-Sing-e-book.html]
[edygrad.com/store/1/default_images/logo-new.html]
[edygrad.com/users/1/profile.html]
[edygrad.com/productsd7b8.html]
[edygrad.com/products/Painting-tools.html]
[edygrad.com/productsbaa2.html]
[edygrad.com/products/Advanced-microscope.html]
[edygrad.com/products/Business-Software.html]
[edygrad.com/products/Sherlock-Holmes-e-book.html]
[edygrad.com/assets/default/img/home/become_instructor.svg]
[edygrad.com/instructor-finder/wizard.html]
[edygrad.com/assets/default/img/home/toutor_finder.svg]
[edygrad.com/classes4658.html]
[edygrad.com/classes9ba9.html]
[edygrad.com/become-instructor]
[edygrad.com/classes.html]
[edygrad.com/become-instructor]
[edygrad.com/reward-courses.html]
[edygrad.com/store/1/default_images/instructors_cover.png]
[edygrad.com/instructors3a82.html]
[edygrad.com/instructors5166.html]
[edygrad.com/become-instructor]
[edygrad.com/instructors.html]
[edygrad.com/users/870/profilec0cc.html]
[edygrad.com/users/923/profilec0cc.html]
[edygrad.com/users/929/profilec0cc.html]
[edygrad.com/users/934/profilec0cc.html]
[edygrad.com/users/1015/profilec0cc.html]
[edygrad.com/users/1016/profilec0cc.html]
[edygrad.com/users/1052/profilec0cc.html]
[edygrad.com/store/1/default_images/certificate_validation.jpg]
[edygrad.com/assets/default/img/check.png]
[edygrad.com/become-instructor]
[edygrad.com/assets/default/js/parts/certificate_validation.min.js]
[edygrad.com/certificate_validation.html]
[edygrad.com/store/1/default_images/organizations_cover.png]
[edygrad.com/organizations3a82.html]
[edygrad.com/organizations5166.html]
[edygrad.com/become-instructor]
[edygrad.com/organizations.html]
[edygrad.com/users/867/profile.html]
[edygrad.com/users/4/profile.html]
[edygrad.com/users/863/profile.html]
[edygrad.com/users/864/profile.html]
[edygrad.com/users/859/profile.html]
[edygrad.com/users/868/profile.html]
[edygrad.com/store/1/default_images/blogs_cover.png]
[edygrad.com/blog/categories/Vel-consequatur.html]
[edygrad.com/blog/categories/Facilis-ea.html]
[edygrad.com/blog/categories/Fugit-dignissimos-possimus.html]
[edygrad.com/blog/categories/new.html]
[edygrad.com/become-instructor]
[edygrad.com/blog.html]
[edygrad.com/blogcd64.html]
[edygrad.com/become-instructor]
[edygrad.com/assets/default/js/parts/blog.min.js]
[edygrad.com/blog/3-Laws-to-Become-a-Straight-A-Student.html]
[edygrad.com/store/1/default_images/testimonials/profile_picture (30).jpg]
[edygrad.com/blogd2f1.html]
[edygrad.com/become-instructor]
[edygrad.com/blog/How-To-Teach-Your-Kid-Anything-Easily.html]
[edygrad.com/become-instructor]
[edygrad.com/blog/Better-Relationship-Between-You-and-Your-Student-s-Parent.html]
[edygrad.com/become-instructor]
[edygrad.com/assets/default/js/parts/contact.min.js]
[edygrad.com/contact.html]
[edygrad.com/become-instructor]
[edygrad.com/pages/terms.html]
[edygrad.com/become-instructor]
[edygrad.com/pages/about.html]
[edygrad.com/store/1/default_images/social/instagram.svg]
[edygrad.com/store/1/default_images/social/whatsapp.svg]
[edygrad.com/store/1/default_images/social/twitter.svg]
[edygrad.com/store/1/default_images/social/facebook.svg]
[edygrad.com/assets/default/js/app.js]
[edygrad.com/node.html]
[edygrad.com/assets/default/vendors/feather-icons/dist/feather.min.js]
[edygrad.com/assets/default/vendors/moment.min.js]
[edygrad.com/assets/default/vendors/sweetalert2/dist/sweetalert2.min.js]
[edygrad.com/assets/default/vendors/toast/jquery.toast.min.js]
[edygrad.com/assets/default/vendors/simplebar/simplebar.min.js]
[edygrad.com/assets/default/js/parts/cookie-security.min.js]
[edygrad.com/e.html]
[edygrad.com/assets/default/vendors/swiper/swiper-bundle.min.js]
[edygrad.com/assets/default/vendors/owl-carousel2/owl.carousel.min.js]
[edygrad.com/assets/default/vendors/parallax/parallax.min.js]
[edygrad.com/assets/default/js/parts/home.min.js]
[edygrad.com/this.params.html]
[edygrad.com/assets/default/vendors/flagstrap/css/flags.png]
[edygrad.com/assets/default/vendors/flagstrap/css/flags.css]
[edygrad.com/assets/default/vendors/flagstrap/js/jquery.flagstrap.min.js]
[edygrad.com/assets/default/js/parts/top_nav_flags.min.js]
[edygrad.com/assets/default/js/parts/navbar.min.js]
[edygrad.com/assets/default/js/parts/main.min.js]
[edygrad.com/assets/default/img/chevron-up.svg]
[edygrad.com/assets/default/img/chevron-down.svg]
[edygrad.com/assets/default/img/forum/featured_section.svg]
[edygrad.com/assets/default/img/forum/recommended-topics.svg]
[edygrad.com/assets/default/img/mobile-app/hero-bg.svg]
[edygrad.com/assets/default/vendors/owl-carousel2/owl.video.play.html]
[edygrad.com/forget-password.html]
[edygrad.com/assets/default/vendors/select2/select2.min.css]
[edygrad.com/assets/default/vendors/select2/select2.min.js]
[edygrad.com/assets/default/js/parts/categories.min.js]
[edygrad.com/course/Active-Listening-You-Can-Be-a-Great-Listener.html]
[edygrad.com/course/How-to-Manage-Your-Virtual-Team.html]
[edygrad.com/categories/Business2679.html]
[edygrad.com/become-instructor]
[edygrad.com/categories/Business4658.html]
[edygrad.com/course/How-to-Travel-Around-the-World.html]
[edygrad.com/course/Web-Design-for-Beginners.html]
[edygrad.com/classesd806.html]
[edygrad.com/become-instructor]
[edygrad.com/classesfdaa.html]
[edygrad.com/become-instructor]
[edygrad.com/classesecd1.html]
[edygrad.com/assets/vendors/leaflet/images/layers.html]
[edygrad.com/assets/vendors/leaflet/images/layers-2x.html]
[edygrad.com/assets/vendors/leaflet/leaflet.css]
[edygrad.com/assets/vendors/leaflet/leaflet.markercluster/markerCluster.css]
[edygrad.com/assets/vendors/leaflet/leaflet.markercluster/markerCluster.Default.css]
[edygrad.com/assets/vendors/wrunner-html-range-slider-with-2-handles/css/wrunner-default-theme.css]
[edygrad.com/store/1/default_images/badges/Forums Top User.svg]
[edygrad.com/assets/vendors/wrunner-html-range-slider-with-2-handles/js/wrunner-jquery.js]
[edygrad.com/assets/vendors/leaflet/images/marker-icon.html]
[edygrad.com/assets/vendors/leaflet/leaflet.min.js]
[edygrad.com/assets/vendors/leaflet/leaflet.markercluster/leaflet.markercluster-src.js]
[edygrad.com/assets/default/js/parts/get-regions.min.js]
[edygrad.com/assets/default/js/parts/instructor-finder-wizard.min.js]
[edygrad.com/assets/default/js/parts/instructors.min.js]
[edygrad.com/assets/default/js/parts/instructor-finder.min.js]
[edygrad.com/assets/default/css/css-stars.css]
[edygrad.com/assets/default/vendors/video/video-js.min.css]
[edygrad.com/bundles/reviews/store-reply-comment.html]
[edygrad.com/assets/default/img/icons/sessions.svg]
[edygrad.com/assets/default/img/social/telegram.svg]
[edygrad.com/assets/default/img/social/whatsapp.svg]
[edygrad.com/assets/default/img/social/facebook.svg]
[edygrad.com/assets/default/img/social/twitter.svg]
[edygrad.com/assets/default/js/parts/time-counter-down.min.js]
[edygrad.com/assets/default/vendors/barrating/jquery.barrating.min.js]
[edygrad.com/bundles/decrypter-worker.worker.js]
[edygrad.com/assets/default/vendors/video/video.min.js]
[edygrad.com/bundles/video.js]
[edygrad.com/assets/default/vendors/video/youtube.min.js]
[edygrad.com/assets/default/vendors/video/vimeo.js]
[edygrad.com/assets/default/js/parts/comment.min.js]
[edygrad.com/assets/default/js/parts/video_player_helpers.min.js]
[edygrad.com/assets/default/js/parts/webinar_show.min.js]
[edygrad.com/upcoming_courses/Web-Design-for-Beginners/favorite.html]
[edygrad.com/assets/default/js/parts/upcoming_course_show.min.js]
[edygrad.com/upcoming_courses/Digital-Photography/favorite.html]
[edygrad.com/upcoming_courses/Python-for-Beginners/favorite.html]
[edygrad.com/classesb905.html]
[edygrad.com/become-instructor]
[edygrad.com/classes404c.html]
[edygrad.com/become-instructor]
[edygrad.com/classesd75d.html]
[edygrad.com/classes54ab.html]
[edygrad.com/become-instructor]
[edygrad.com/classes9881.html]
[edygrad.com/become-instructor]
[edygrad.com/classes8bec.html]
[edygrad.com/classes2679.html]
[edygrad.com/become-instructor]
[edygrad.com/classes4658.html]
[edygrad.com/become-instructor]
[edygrad.com/classes9ba9.html]
[edygrad.com/become-instructor]
[edygrad.com/instructors3a82.html]
[edygrad.com/become-instructor]
[edygrad.com/instructors5166.html]
[edygrad.com/assets/default/js/parts/certificate_validation.min.js]
[edygrad.com/become-instructor]
[edygrad.com/organizations3a82.html]
[edygrad.com/become-instructor]
[edygrad.com/organizations5166.html]
[edygrad.com/become-instructor]
[edygrad.com/blog/categories/Vel-consequatur.html]
[edygrad.com/become-instructor]
[edygrad.com/blog/categories/Facilis-ea.html]
[edygrad.com/become-instructor]
[edygrad.com/blog/categories/Fugit-dignissimos-possimus.html]
[edygrad.com/become-instructor]
[edygrad.com/blog/categories/new.html]
[edygrad.com/become-instructor]
[edygrad.com/blogcd64.html]
[edygrad.com/assets/default/js/parts/blog.min.js]
[edygrad.com/become-instructor]
[edygrad.com/blogd2f1.html]
[edygrad.com/assets/default/js/parts/contact.min.js]
[edygrad.com/node.html]
[edygrad.com/e.html]
[edygrad.com/this.params.html]
[edygrad.com/become-instructor]
[edygrad.com/categories/Business2679.html]
[edygrad.com/become-instructor]
[edygrad.com/classesd806.html]
[edygrad.com/assets/vendors/leaflet/images/layers.html]
[edygrad.com/assets/vendors/leaflet/images/layers-2x.html]
[edygrad.com/assets/vendors/leaflet/images/marker-icon.html]
[edygrad.com/bundles/decrypter-worker.worker.html]
[edygrad.com/bundles/video.html]
[edygrad.com/become-instructor]
[edygrad.com/classesb905.html]
[edygrad.com/become-instructor]
[edygrad.com/classes54ab.html]
[edygrad.com/become-instructor]
[edygrad.com/classes2679.html]
