[demo.dashboardpack.com/architectui-html-free/index.html]
[backblue.gif]
[fade.gif]
[index.html]
[demo.dashboardpack.com/architectui-html-free/main.css]
[demo.dashboardpack.com/architectui-html-free/assets/images/avatars/1.jpg]
[demo.dashboardpack.com/architectui-html-free/index-2.html]
[demo.dashboardpack.com/architectui-html-free/elements-buttons-standard.html]
[demo.dashboardpack.com/architectui-html-free/elements-dropdowns.html]
[demo.dashboardpack.com/architectui-html-free/elements-icons.html]
[demo.dashboardpack.com/architectui-html-free/elements-badges-labels.html]
[demo.dashboardpack.com/architectui-html-free/elements-cards.html]
[demo.dashboardpack.com/architectui-html-free/elements-list-group.html]
[demo.dashboardpack.com/architectui-html-free/elements-navigation.html]
[demo.dashboardpack.com/architectui-html-free/elements-utilities.html]
[demo.dashboardpack.com/architectui-html-free/components-tabs.html]
[demo.dashboardpack.com/architectui-html-free/components-accordions.html]
[demo.dashboardpack.com/architectui-html-free/components-notifications.html]
[demo.dashboardpack.com/architectui-html-free/components-modals.html]
[demo.dashboardpack.com/architectui-html-free/components-progress-bar.html]
[demo.dashboardpack.com/architectui-html-free/components-tooltips-popovers.html]
[demo.dashboardpack.com/architectui-html-free/components-carousel.html]
[demo.dashboardpack.com/architectui-html-free/components-calendar.html]
[demo.dashboardpack.com/architectui-html-free/components-pagination.html]
[demo.dashboardpack.com/architectui-html-free/components-scrollable-elements.html]
[demo.dashboardpack.com/architectui-html-free/components-maps.html]
[demo.dashboardpack.com/architectui-html-free/tables-regular.html]
[demo.dashboardpack.com/architectui-html-free/dashboard-boxes.html]
[demo.dashboardpack.com/architectui-html-free/forms-controls.html]
[demo.dashboardpack.com/architectui-html-free/forms-layouts.html]
[demo.dashboardpack.com/architectui-html-free/forms-validation.html]
[demo.dashboardpack.com/architectui-html-free/charts-chartjs.html]
[demo.dashboardpack.com/architectui-html-free/assets/images/avatars/9.jpg]
[demo.dashboardpack.com/architectui-html-free/assets/images/avatars/5.jpg]
[demo.dashboardpack.com/architectui-html-free/assets/images/avatars/4.jpg]
[demo.dashboardpack.com/architectui-html-free/assets/images/avatars/3.jpg]
[demo.dashboardpack.com/architectui-html-free/assets/images/avatars/2.jpg]
[demo.dashboardpack.com/architectui-html-free/index.html]
[demo.dashboardpack.com/architectui-html-free/assets/scripts/main.js]
[demo.dashboardpack.com/architectui-html-free/assets/images/logo-inverse.png]
[demo.dashboardpack.com/architectui-html-free/assets/images/logo.png]
[demo.dashboardpack.com/architectui-html-free/assets/fonts/fa-solid-900.eot]
[demo.dashboardpack.com/architectui-html-free/assets/fonts/fa-solid-900d41d.eot]
[demo.dashboardpack.com/architectui-html-free/assets/fonts/fa-solid-900.woff2]
[demo.dashboardpack.com/architectui-html-free/assets/fonts/fa-solid-900.woff]
[demo.dashboardpack.com/architectui-html-free/assets/fonts/fa-solid-900.ttf]
[demo.dashboardpack.com/architectui-html-free/assets/fonts/fa-solid-900.svg]
[demo.dashboardpack.com/architectui-html-free/assets/fonts/Pe-icon-7-stroke.eot]
[demo.dashboardpack.com/architectui-html-free/assets/fonts/Pe-icon-7-stroked41d.eot]
[demo.dashboardpack.com/architectui-html-free/assets/fonts/Pe-icon-7-stroke.woff]
[demo.dashboardpack.com/architectui-html-free/assets/fonts/Pe-icon-7-stroke.ttf]
[demo.dashboardpack.com/architectui-html-free/main.css]
[demo.dashboardpack.com/architectui-html-free/index-2.html]
[demo.dashboardpack.com/architectui-html-free/elements-buttons-standard.html]
[demo.dashboardpack.com/architectui-html-free/elements-dropdowns.html]
[demo.dashboardpack.com/architectui-html-free/elements-icons.html]
[demo.dashboardpack.com/architectui-html-free/elements-badges-labels.html]
[demo.dashboardpack.com/architectui-html-free/elements-cards.html]
[demo.dashboardpack.com/architectui-html-free/elements-list-group.html]
[demo.dashboardpack.com/architectui-html-free/elements-navigation.html]
[demo.dashboardpack.com/architectui-html-free/elements-utilities.html]
[demo.dashboardpack.com/architectui-html-free/components-tabs.html]
[demo.dashboardpack.com/architectui-html-free/components-accordions.html]
[demo.dashboardpack.com/architectui-html-free/components-notifications.html]
[demo.dashboardpack.com/architectui-html-free/components-modals.html]
[demo.dashboardpack.com/architectui-html-free/components-progress-bar.html]
[demo.dashboardpack.com/architectui-html-free/components-tooltips-popovers.html]
[demo.dashboardpack.com/architectui-html-free/components-carousel.html]
[demo.dashboardpack.com/architectui-html-free/components-calendar.html]
[demo.dashboardpack.com/architectui-html-free/components-pagination.html]
[demo.dashboardpack.com/architectui-html-free/components-scrollable-elements.html]
[demo.dashboardpack.com/architectui-html-free/components-maps.html]
[demo.dashboardpack.com/architectui-html-free/tables-regular.html]
[demo.dashboardpack.com/architectui-html-free/dashboard-boxes.html]
[demo.dashboardpack.com/architectui-html-free/forms-controls.html]
[demo.dashboardpack.com/architectui-html-free/forms-layouts.html]
[demo.dashboardpack.com/architectui-html-free/forms-validation.html]
[demo.dashboardpack.com/architectui-html-free/charts-chartjs.html]
[demo.dashboardpack.com/architectui-html-free/assets/fonts/Pe-icon-7-stroke.svg]
[demo.dashboardpack.com/architectui-html-free/assets/fonts/fa-solid-900.svg]
[demo.dashboardpack.com/architectui-html-free/assets/fonts/Pe-icon-7-stroke.svg]
